// Jest Snapshot v1, https://goo.gl/fbAQLP

exports[`DashboardTopHeroes should render dashboard top heroes list 1`] = `
<div>
  <h3>
    Top Heroes
  </h3>
  <div
    className="grid grid-pad"
  >
    <DashboardTopHero
      hero={
        Object {
          "id": 1,
          "name": "Optimus Prime",
        }
      }
      key="1"
    />
    <DashboardTopHero
      hero={
        Object {
          "id": 2,
          "name": "Optimus Duos",
        }
      }
      key="2"
    />
    <DashboardTopHero
      hero={
        Object {
          "id": 3,
          "name": "Optimus Tres",
        }
      }
      key="3"
    />
  </div>
</div>
`;
